export const snapshot = {};

snapshot[`TextNode > static create() > can handle nested delimiters 1`] = `
TokenNode {
  children: [
    "1:",
    VariantNode {
      content: "[A[1[a|b]|2[c|d]]|B]",
      variantIndexCount: 0,
      variants: [
        TokenNode {
          children: [
            "A",
            VariantNode {
              content: "[1[a|b]|2[c|d]]",
              variantIndexCount: 0,
              variants: [
                TokenNode {
                  children: [
                    "1",
                    VariantNode {
                      content: "[a|b]",
                      variantIndexCount: 0,
                      variants: [
                        "a",
                        "b",
                      ],
                    },
                  ],
                  content: "1[a|b]",
                  variantIndexCount: 0,
                },
                TokenNode {
                  children: [
                    "2",
                    VariantNode {
                      content: "[c|d]",
                      variantIndexCount: 0,
                      variants: [
                        "c",
                        "d",
                      ],
                    },
                  ],
                  content: "2[c|d]",
                  variantIndexCount: 0,
                },
              ],
            },
          ],
          content: "A[1[a|b]|2[c|d]]",
          variantIndexCount: 0,
        },
        "B",
      ],
    },
    " 2:",
    VariantNode {
      content: "[C|D]",
      variantIndexCount: 0,
      variants: [
        "C",
        "D",
      ],
    },
  ],
  content: "1:[A[1[a|b]|2[c|d]]|B] 2:[C|D]",
  variantIndexCount: 0,
}
`;
